// Vitest Snapshot v1, https://vitest.dev/guide/snapshot.html

exports[`Input > snapshots > default input matches snapshot 1`] = `
<input
  class="border-border text-foreground placeholder:text-muted-foreground flex h-10 w-full rounded-lg border bg-white px-3 py-2 text-sm transition-colors focus-visible:outline-none disabled:pointer-events-none disabled:opacity-50"
  data-slot="input"
  placeholder="Placeholder"
/>
`;
